
Allocating common symbols
Common symbol       size              file

mt_int_level        0x4               obj/irq.o
mt_last_task        0x4               obj/kernel.o
mt_fpu_task         0x4               obj/kernel.o
mt_curr_task        0x4               obj/kernel.o
mouse_byte          0x3               obj/mouse.o
mt_ticks            0x8               obj/kernel.o

Discarded input sections

 .note.GNU-stack
                0x0000000000000000        0x0 obj/kernel.o
 .note.GNU-stack
                0x0000000000000000        0x0 obj/gdt_idt.o
 .note.GNU-stack
                0x0000000000000000        0x0 obj/irq.o
 .note.GNU-stack
                0x0000000000000000        0x0 obj/string.o
 .note.GNU-stack
                0x0000000000000000        0x0 obj/sprintf.o
 .note.GNU-stack
                0x0000000000000000        0x0 obj/malloc.o
 .note.GNU-stack
                0x0000000000000000        0x0 obj/cons.o
 .note.GNU-stack
                0x0000000000000000        0x0 obj/timer.o
 .note.GNU-stack
                0x0000000000000000        0x0 obj/queue.o
 .note.GNU-stack
                0x0000000000000000        0x0 obj/math.o
 .note.GNU-stack
                0x0000000000000000        0x0 obj/sem.o
 .note.GNU-stack
                0x0000000000000000        0x0 obj/mutex.o
 .note.GNU-stack
                0x0000000000000000        0x0 obj/monitor.o
 .note.GNU-stack
                0x0000000000000000        0x0 obj/pipe.o
 .note.GNU-stack
                0x0000000000000000        0x0 obj/msgqueue.o
 .note.GNU-stack
                0x0000000000000000        0x0 obj/rand.o
 .note.GNU-stack
                0x0000000000000000        0x0 obj/filo.o
 .note.GNU-stack
                0x0000000000000000        0x0 obj/sfilo.o
 .note.GNU-stack
                0x0000000000000000        0x0 obj/xfilo.o
 .note.GNU-stack
                0x0000000000000000        0x0 obj/keyboard.o
 .note.GNU-stack
                0x0000000000000000        0x0 obj/printk.o
 .note.GNU-stack
                0x0000000000000000        0x0 obj/getline.o
 .note.GNU-stack
                0x0000000000000000        0x0 obj/shell.o
 .note.GNU-stack
                0x0000000000000000        0x0 obj/split.o
 .note.GNU-stack
                0x0000000000000000        0x0 obj/setkb.o
 .note.GNU-stack
                0x0000000000000000        0x0 obj/camino.o
 .note.GNU-stack
                0x0000000000000000        0x0 obj/camino_ns.o
 .note.GNU-stack
                0x0000000000000000        0x0 obj/atoi.o
 .note.GNU-stack
                0x0000000000000000        0x0 obj/prodcons.o
 .note.GNU-stack
                0x0000000000000000        0x0 obj/afilo.o
 .note.GNU-stack
                0x0000000000000000        0x0 obj/divz.o
 .note.GNU-stack
                0x0000000000000000        0x0 obj/mouse.o

Memory Configuration

Name             Origin             Length             Attributes
*default*        0x0000000000000000 0xffffffffffffffff

Linker script and memory map

Address of section .text-segment set to 0x100000
LOAD obj/kstart.o
LOAD obj/libasm.o
LOAD obj/interrupts.o
LOAD obj/kernel.o
LOAD obj/gdt_idt.o
LOAD obj/irq.o
LOAD obj/string.o
LOAD obj/sprintf.o
LOAD obj/malloc.o
LOAD obj/cons.o
LOAD obj/io.o
LOAD obj/timer.o
LOAD obj/queue.o
LOAD obj/math.o
LOAD obj/sem.o
LOAD obj/mutex.o
LOAD obj/monitor.o
LOAD obj/pipe.o
LOAD obj/msgqueue.o
LOAD obj/rand.o
LOAD obj/filo.o
LOAD obj/sfilo.o
LOAD obj/xfilo.o
LOAD obj/keyboard.o
LOAD obj/printk.o
LOAD obj/getline.o
LOAD obj/shell.o
LOAD obj/split.o
LOAD obj/setkb.o
LOAD obj/camino.o
LOAD obj/camino_ns.o
LOAD obj/atoi.o
LOAD obj/prodcons.o
LOAD obj/afilo.o
LOAD obj/divz.o
LOAD obj/mouse.o
                0x0000000000100000                PROVIDE (__executable_start, 0x100000)
                0x00000000001000d4                . = (0x100000 + SIZEOF_HEADERS)

.interp
 *(.interp)

.note.gnu.build-id
                0x00000000001000d4       0x24
 *(.note.gnu.build-id)
 .note.gnu.build-id
                0x00000000001000d4       0x24 obj/kstart.o

.hash
 *(.hash)

.gnu.hash
 *(.gnu.hash)

.dynsym
 *(.dynsym)

.dynstr
 *(.dynstr)

.gnu.version
 *(.gnu.version)

.gnu.version_d
 *(.gnu.version_d)

.gnu.version_r
 *(.gnu.version_r)

.rel.dyn        0x00000000001000f8        0x0
 *(.rel.init)
 *(.rel.text .rel.text.* .rel.gnu.linkonce.t.*)
 .rel.text      0x0000000000000000        0x0 obj/kstart.o
 *(.rel.fini)
 *(.rel.rodata .rel.rodata.* .rel.gnu.linkonce.r.*)
 *(.rel.data.rel.ro* .rel.gnu.linkonce.d.rel.ro.*)
 *(.rel.data .rel.data.* .rel.gnu.linkonce.d.*)
 .rel.data      0x0000000000000000        0x0 obj/kstart.o
 *(.rel.tdata .rel.tdata.* .rel.gnu.linkonce.td.*)
 *(.rel.tbss .rel.tbss.* .rel.gnu.linkonce.tb.*)
 *(.rel.ctors)
 *(.rel.dtors)
 *(.rel.got)
 *(.rel.bss .rel.bss.* .rel.gnu.linkonce.b.*)
 *(.rel.ifunc)

.rel.plt        0x00000000001000f8        0x0
 *(.rel.plt)
                0x00000000001000f8                PROVIDE (__rel_iplt_start, .)
 *(.rel.iplt)
 .rel.iplt      0x0000000000000000        0x0 obj/kstart.o
                0x00000000001000f8                PROVIDE (__rel_iplt_end, .)

.init
 *(.init)

.plt            0x0000000000100100        0x0
 *(.plt)
 *(.iplt)
 .iplt          0x0000000000000000        0x0 obj/kstart.o

.text           0x0000000000100100     0x9a3d
 *(.text.unlikely .text.*_unlikely)
 *(.text.exit .text.exit.*)
 *(.text.startup .text.startup.*)
 *(.text.hot .text.hot.*)
 *(.text .stub .text.* .gnu.linkonce.t.*)
 .text          0x0000000000100100       0x1a obj/kstart.o
                0x000000000010010c                _start
 *fill*         0x000000000010011a        0x6 90909090
 .text          0x0000000000100120       0x80 obj/libasm.o
                0x0000000000100120                mt_load_gdt
                0x0000000000100152                mt_load_idt
                0x000000000010015a                mt_context_switch
                0x000000000010017b                mt_sti
                0x000000000010017d                mt_cli
                0x000000000010017f                mt_finit
                0x0000000000100183                mt_fsave
                0x000000000010018b                mt_frstor
                0x0000000000100193                mt_stts
                0x000000000010019d                mt_clts
 .text          0x00000000001001a0      0x37f obj/interrupts.o
                0x00000000001001a0                mt_int_stubs
 *fill*         0x000000000010051f        0x1 90909090
 .text          0x0000000000100520      0xdc6 obj/kernel.o
                0x0000000000100520                Malloc
                0x0000000000100574                StrDup
                0x00000000001005d8                Free
                0x00000000001006a9                CreateTask
                0x00000000001007aa                DeleteTask
                0x0000000000100875                CurrentTask
                0x000000000010087f                Panic
                0x00000000001008ba                Pause
                0x00000000001008cf                Yield
                0x00000000001008e4                Delay
                0x0000000000100950                Exit
                0x0000000000100965                Suspend
                0x0000000000100999                Ready
                0x00000000001009c3                GetPriority
                0x00000000001009ce                SetPriority
                0x0000000000100a2f                SetData
                0x0000000000100a4a                SetSwitcher
                0x0000000000100a64                CreateQueue
                0x0000000000100a8e                DeleteQueue
                0x0000000000100ac1                WaitQueue
                0x0000000000100adc                WaitQueueTimed
                0x0000000000100b5a                SignalQueue
                0x0000000000100ba2                FlushQueue
                0x0000000000100bf0                Send
                0x0000000000100c19                SendCond
                0x0000000000100c42                SendTimed
                0x0000000000100d8c                Receive
                0x0000000000100db5                ReceiveCond
                0x0000000000100dde                ReceiveTimed
                0x0000000000100fa6                mt_select_task
                0x000000000010115c                Atomic
                0x000000000010116f                Unatomic
                0x00000000001011a7                DisableInts
                0x00000000001011cb                RestoreInts
                0x00000000001011fe                mt_main
 *fill*         0x00000000001012e6        0x2 90909090
 .text          0x00000000001012e8      0x10b obj/gdt_idt.o
                0x00000000001013e1                mt_setup_gdt_idt
 *fill*         0x00000000001013f3        0x1 90909090
 .text          0x00000000001013f4      0x38a obj/irq.o
                0x0000000000101596                mt_int_handler
                0x00000000001015e7                mt_setup_interrupts
                0x0000000000101636                mt_set_int_handler
                0x0000000000101655                mt_set_exception_handler
                0x0000000000101674                mt_disable_irq
                0x00000000001016f7                mt_enable_irq
 *fill*         0x000000000010177e        0x2 90909090
 .text          0x0000000000101780      0x3d5 obj/string.o
                0x0000000000101780                strcpy
                0x00000000001017b7                strncpy
                0x00000000001017fb                strcat
                0x000000000010184a                strncat
                0x00000000001018a2                strcmp
                0x00000000001018df                strncmp
                0x000000000010192b                strchr
                0x0000000000101968                strrchr
                0x00000000001019a7                strlen
                0x00000000001019db                strnlen
                0x0000000000101a15                memcpy
                0x0000000000101a64                memmove
                0x0000000000101ae2                memchr
                0x0000000000101b24                memset
 *fill*         0x0000000000101b55        0x3 90909090
 .text          0x0000000000101b58     0x153a obj/sprintf.o
                0x0000000000101e4b                ecvtbuf
                0x0000000000101e8e                fcvtbuf
                0x0000000000102b4a                vsprintf
                0x0000000000103063                sprintf
 *fill*         0x0000000000103092        0x2 90909090
 .text          0x0000000000103094      0x1fa obj/malloc.o
                0x0000000000103094                free
                0x00000000001031ae                malloc
 *fill*         0x000000000010328e        0x2 90909090
 .text          0x0000000000103290      0xa53 obj/cons.o
                0x00000000001035a7                mt_reload_cons
                0x00000000001035fa                mt_cons_clear
                0x0000000000103661                mt_cons_clreol
                0x0000000000103711                mt_cons_clreom
                0x00000000001037ad                mt_cons_nrows
                0x00000000001037b7                mt_cons_ncols
                0x00000000001037c1                mt_cons_nscrolls
                0x00000000001037d4                mt_cons_getxy
                0x0000000000103803                mt_cons_gotoxy
                0x0000000000103845                mt_cons_setattr
                0x0000000000103879                mt_cons_getattr
                0x00000000001038b8                mt_cons_cursor
                0x0000000000103969                mt_cons_putc
                0x00000000001039de                mt_cons_puts
                0x0000000000103a07                mt_cons_cr
                0x0000000000103a32                mt_cons_nl
                0x0000000000103a7a                mt_cons_tab
                0x0000000000103abc                mt_cons_bs
                0x0000000000103b2d                mt_cons_raw
                0x0000000000103b48                tty_run
                0x0000000000103b71                initialize_tty
                0x0000000000103c06                switch_focus
                0x0000000000103c3b                mt_setup_ttys
 *fill*         0x0000000000103ce3        0xd 90909090
 .text          0x0000000000103cf0       0x18 obj/io.o
                0x0000000000103cf0                inb
                0x0000000000103cfb                outb
 .text          0x0000000000103d08       0x69 obj/timer.o
                0x0000000000103d08                mt_setup_timer
 *fill*         0x0000000000103d71        0x3 90909090
 .text          0x0000000000103d74      0x3f9 obj/queue.o
                0x0000000000103d74                mt_enqueue
                0x0000000000103e5a                mt_dequeue
                0x0000000000103ee2                mt_peeklast
                0x0000000000103eed                mt_getlast
                0x0000000000103f5d                mt_enqueue_time
                0x000000000010405b                mt_dequeue_time
                0x00000000001040f7                mt_peekfirst_time
                0x0000000000104101                mt_getfirst_time
 *fill*         0x000000000010416d        0x3 90909090
 .text          0x0000000000104170       0x95 obj/math.o
                0x00000000001041e9                mt_setup_math
 *fill*         0x0000000000104205        0x3 90909090
 .text          0x0000000000104208      0x147 obj/sem.o
                0x0000000000104208                CreateSem
                0x000000000010423b                DeleteSem
                0x000000000010425c                WaitSem
                0x0000000000104277                WaitSemCond
                0x0000000000104292                WaitSemTimed
                0x00000000001042e4                SignalSem
                0x0000000000104315                ValueSem
                0x000000000010431f                FlushSem
 *fill*         0x000000000010434f        0x1 90909090
 .text          0x0000000000104350      0x140 obj/mutex.o
                0x0000000000104350                CreateMutex
                0x0000000000104383                DeleteMutex
                0x00000000001043a4                EnterMutex
                0x00000000001043bf                EnterMutexCond
                0x00000000001043da                EnterMutexTimed
                0x000000000010443f                LeaveMutex
 .text          0x0000000000104490      0x25a obj/monitor.o
                0x0000000000104490                CreateMonitor
                0x00000000001044c3                DeleteMonitor
                0x00000000001044e4                EnterMonitor
                0x00000000001044ff                EnterMonitorCond
                0x000000000010451a                EnterMonitorTimed
                0x000000000010456c                LeaveMonitor
                0x00000000001045a5                CreateCondition
                0x00000000001045d8                DeleteCondition
                0x00000000001045f9                WaitCondition
                0x0000000000104614                WaitConditionTimed
                0x000000000010467e                SignalCondition
                0x00000000001046b0                BroadcastCondition
 *fill*         0x00000000001046ea        0x2 90909090
 .text          0x00000000001046ec      0x3ee obj/pipe.o
                0x00000000001046ec                CreatePipe
                0x00000000001047d3                DeletePipe
                0x000000000010481d                GetPipe
                0x0000000000104846                GetPipeCond
                0x000000000010486f                GetPipeTimed
                0x0000000000104972                PutPipe
                0x000000000010499b                PutPipeCond
                0x00000000001049c4                PutPipeTimed
                0x0000000000104acf                AvailPipe
 *fill*         0x0000000000104ada        0x2 90909090
 .text          0x0000000000104adc      0x415 obj/msgqueue.o
                0x0000000000104bf0                CreateMsgQueue
                0x0000000000104d1a                DeleteMsgQueue
                0x0000000000104d85                GetMsgQueue
                0x0000000000104da7                GetMsgQueueCond
                0x0000000000104dc9                GetMsgQueueTimed
                0x0000000000104e2e                PutMsgQueue
                0x0000000000104e50                PutMsgQueueCond
                0x0000000000104e72                PutMsgQueueTimed
                0x0000000000104edb                AvailMsgQueue
 *fill*         0x0000000000104ef1        0x3 90909090
 .text          0x0000000000104ef4       0xb0 obj/rand.o
                0x0000000000104f83                rand
                0x0000000000104f97                srand
 .text          0x0000000000104fa4      0x659 obj/filo.o
                0x00000000001053fc                phil_main
 *fill*         0x00000000001055fd        0x3 90909090
 .text          0x0000000000105600      0x5be obj/sfilo.o
                0x00000000001059cb                simple_phil_main
 *fill*         0x0000000000105bbe        0x2 90909090
 .text          0x0000000000105bc0      0x6b0 obj/xfilo.o
                0x000000000010605a                extra_phil_main
 .text          0x0000000000106270      0x653 obj/keyboard.o
                0x0000000000106270                set_key_mq
                0x00000000001066f2                mt_kbd_getch_timed
                0x000000000010671e                mt_kbd_getch
                0x0000000000106748                mt_kbd_init
                0x000000000010681a                mt_new_kbd_queue
                0x000000000010684e                mt_kbd_getlayout
                0x0000000000106858                mt_kbd_setlayout
                0x00000000001068b9                mt_kbd_layouts
 *fill*         0x00000000001068c3        0x1 90909090
 .text          0x00000000001068c4       0xff obj/printk.o
                0x00000000001068c4                vprintk
                0x0000000000106939                printk
                0x0000000000106961                cprintk
 *fill*         0x00000000001069c3        0x1 90909090
 .text          0x00000000001069c4      0x133 obj/getline.o
                0x00000000001069c4                mt_getline
 *fill*         0x0000000000106af7        0x1 90909090
 .text          0x0000000000106af8      0x21c obj/shell.o
                0x0000000000106af8                shell_main
 .text          0x0000000000106d14      0x333 obj/split.o
                0x0000000000106d69                setfs
                0x0000000000106d91                split
                0x0000000000106f33                separate
 *fill*         0x0000000000107047        0x1 90909090
 .text          0x0000000000107048       0xee obj/setkb.o
                0x0000000000107048                setkb_main
 *fill*         0x0000000000107136        0x2 90909090
 .text          0x0000000000107138      0x9df obj/camino.o
                0x000000000010792c                camino_main
 *fill*         0x0000000000107b17        0x1 90909090
 .text          0x0000000000107b18      0xb93 obj/camino_ns.o
                0x00000000001084e6                camino_ns_main
 *fill*         0x00000000001086ab        0x1 90909090
 .text          0x00000000001086ac       0xa6 obj/atoi.o
                0x00000000001086ac                atoi
 *fill*         0x0000000000108752        0x2 90909090
 .text          0x0000000000108754      0x5bd obj/prodcons.o
                0x0000000000108a3a                prodcons_main
 *fill*         0x0000000000108d11        0x3 90909090
 .text          0x0000000000108d14      0x647 obj/afilo.o
                0x000000000010918e                atomic_phil_main
 *fill*         0x000000000010935b        0x1 90909090
 .text          0x000000000010935c       0xf5 obj/divz.o
                0x000000000010939a                divz_main
 *fill*         0x0000000000109451        0x3 90909090
 .text          0x0000000000109454      0x6e9 obj/mouse.o
                0x0000000000109454                turnOffMouse
                0x000000000010948c                turnOnMouse
                0x00000000001094aa                turnOnOFFTab
                0x00000000001095a0                clearAllTabs
                0x00000000001095ce                detectClickOnBar
                0x0000000000109695                WriteCharacter
                0x0000000000109b10                mt_mouse_init
 *(.gnu.warning)

.fini
 *(.fini)
                0x0000000000109b3d                PROVIDE (__etext, .)
                0x0000000000109b3d                PROVIDE (_etext, .)
                0x0000000000109b3d                PROVIDE (etext, .)

.rodata         0x0000000000109b40      0x983
 *(.rodata .rodata.* .gnu.linkonce.r.*)
 .rodata        0x0000000000109b40       0xbd obj/kernel.o
 *fill*         0x0000000000109bfd        0x3 00
 .rodata        0x0000000000109c00       0x55 obj/irq.o
 *fill*         0x0000000000109c55        0x3 00
 .rodata        0x0000000000109c58      0x188 obj/sprintf.o
 .rodata        0x0000000000109de0       0x32 obj/cons.o
 *fill*         0x0000000000109e12        0x2 00
 .rodata        0x0000000000109e14       0x29 obj/mutex.o
 *fill*         0x0000000000109e3d        0x3 00
 .rodata        0x0000000000109e40       0xff obj/monitor.o
 .rodata        0x0000000000109f3f        0xe obj/pipe.o
 *fill*         0x0000000000109f4d        0x3 00
 .rodata        0x0000000000109f50       0x2f obj/msgqueue.o
 *fill*         0x0000000000109f7f        0x1 00
 .rodata        0x0000000000109f80       0x4e obj/filo.o
 *fill*         0x0000000000109fce        0x2 00
 .rodata        0x0000000000109fd0       0x4e obj/sfilo.o
 *fill*         0x000000000010a01e        0x2 00
 .rodata        0x000000000010a020       0x4e obj/xfilo.o
 .rodata        0x000000000010a06e       0x34 obj/keyboard.o
 .rodata        0x000000000010a0a2        0xf obj/getline.o
 .rodata        0x000000000010a0b1       0xaf obj/shell.o
 .rodata        0x000000000010a160        0x1 obj/split.o
 *fill*         0x000000000010a161        0x3 00
 .rodata        0x000000000010a164       0x62 obj/setkb.o
 *fill*         0x000000000010a1c6        0x2 00
 .rodata        0x000000000010a1c8       0x88 obj/camino.o
 .rodata        0x000000000010a250       0xa0 obj/camino_ns.o
 .rodata        0x000000000010a2f0      0x116 obj/prodcons.o
 *fill*         0x000000000010a406        0x2 00
 .rodata        0x000000000010a408       0x4e obj/afilo.o
 *fill*         0x000000000010a456        0x2 00
 .rodata        0x000000000010a458       0x6b obj/divz.o

.rodata1
 *(.rodata1)

.eh_frame_hdr   0x000000000010a4c4      0x97c
 *(.eh_frame_hdr)
 .eh_frame_hdr  0x000000000010a4c4      0x97c obj/kernel.o

.eh_frame       0x000000000010ae40     0x26f0
 *(.eh_frame)
 .eh_frame      0x000000000010ae40      0x58c obj/kernel.o
 .eh_frame      0x000000000010b3cc       0x60 obj/gdt_idt.o
                                         0x78 (size before relaxing)
 .eh_frame      0x000000000010b42c      0x148 obj/irq.o
                                        0x160 (size before relaxing)
 .eh_frame      0x000000000010b574      0x264 obj/string.o
                                        0x27c (size before relaxing)
 .eh_frame      0x000000000010b7d8      0x1d8 obj/sprintf.o
                                        0x1f0 (size before relaxing)
 .eh_frame      0x000000000010b9b0       0x60 obj/malloc.o
                                         0x78 (size before relaxing)
 .eh_frame      0x000000000010ba10      0x36c obj/cons.o
                                        0x384 (size before relaxing)
 .eh_frame      0x000000000010bd7c       0x20 obj/timer.o
                                         0x38 (size before relaxing)
 .eh_frame      0x000000000010bd9c      0x100 obj/queue.o
                                        0x118 (size before relaxing)
 .eh_frame      0x000000000010be9c       0x44 obj/math.o
                                         0x5c (size before relaxing)
 .eh_frame      0x000000000010bee0      0x100 obj/sem.o
                                        0x118 (size before relaxing)
 .eh_frame      0x000000000010bfe0       0xc0 obj/mutex.o
                                         0xd8 (size before relaxing)
 .eh_frame      0x000000000010c0a0      0x180 obj/monitor.o
                                        0x198 (size before relaxing)
 .eh_frame      0x000000000010c220      0x120 obj/pipe.o
                                        0x138 (size before relaxing)
 .eh_frame      0x000000000010c340      0x160 obj/msgqueue.o
                                        0x178 (size before relaxing)
 .eh_frame      0x000000000010c4a0       0x60 obj/rand.o
                                         0x78 (size before relaxing)
 .eh_frame      0x000000000010c500      0x198 obj/filo.o
                                        0x1b0 (size before relaxing)
 .eh_frame      0x000000000010c698      0x178 obj/sfilo.o
                                        0x190 (size before relaxing)
 .eh_frame      0x000000000010c810      0x198 obj/xfilo.o
                                        0x1b0 (size before relaxing)
 .eh_frame      0x000000000010c9a8      0x19c obj/keyboard.o
                                        0x1b4 (size before relaxing)
 .eh_frame      0x000000000010cb44       0x60 obj/printk.o
                                         0x78 (size before relaxing)
 .eh_frame      0x000000000010cba4       0x20 obj/getline.o
                                         0x38 (size before relaxing)
 .eh_frame      0x000000000010cbc4       0x1c obj/shell.o
                                         0x34 (size before relaxing)
 .eh_frame      0x000000000010cbe0       0xc0 obj/split.o
                                         0xd8 (size before relaxing)
 .eh_frame      0x000000000010cca0       0x20 obj/setkb.o
                                         0x38 (size before relaxing)
 .eh_frame      0x000000000010ccc0      0x200 obj/camino.o
                                        0x218 (size before relaxing)
 .eh_frame      0x000000000010cec0      0x1c0 obj/camino_ns.o
                                        0x1d8 (size before relaxing)
 .eh_frame      0x000000000010d080       0x24 obj/atoi.o
                                         0x3c (size before relaxing)
 .eh_frame      0x000000000010d0a4      0x114 obj/prodcons.o
                                        0x12c (size before relaxing)
 .eh_frame      0x000000000010d1b8      0x198 obj/afilo.o
                                        0x1b0 (size before relaxing)
 .eh_frame      0x000000000010d350       0x60 obj/divz.o
                                         0x78 (size before relaxing)
 .eh_frame      0x000000000010d3b0      0x180 obj/mouse.o
                                        0x198 (size before relaxing)

.gcc_except_table
 *(.gcc_except_table .gcc_except_table.*)

.exception_ranges
 *(.exception_ranges .exception_ranges*)
                0x000000000010d530                . = (ALIGN (0x1000) - ((0x1000 - .) & 0xfff))
                0x000000000010eff4                . = DATA_SEGMENT_ALIGN (0x1000, 0x1000)

.eh_frame
 *(.eh_frame)

.gcc_except_table
 *(.gcc_except_table .gcc_except_table.*)

.exception_ranges
 *(.exception_ranges .exception_ranges*)

.tdata
 *(.tdata .tdata.* .gnu.linkonce.td.*)

.tbss
 *(.tbss .tbss.* .gnu.linkonce.tb.*)
 *(.tcommon)

.preinit_array  0x000000000010eff4        0x0
                0x000000000010eff4                PROVIDE (__preinit_array_start, .)
 *(.preinit_array)
                0x000000000010eff4                PROVIDE (__preinit_array_end, .)

.init_array     0x000000000010eff4        0x0
                0x000000000010eff4                PROVIDE (__init_array_start, .)
 *(SORT(.init_array.*) SORT(.ctors.*))
 *(.init_array)
 *(EXCLUDE_FILE(*crtend?.o *crtend.o *crtbegin?.o *crtbegin.o) .ctors)
                0x000000000010eff4                PROVIDE (__init_array_end, .)

.fini_array     0x000000000010eff4        0x0
                0x000000000010eff4                PROVIDE (__fini_array_start, .)
 *(SORT(.fini_array.*) SORT(.dtors.*))
 *(.fini_array)
 *(EXCLUDE_FILE(*crtend?.o *crtend.o *crtbegin?.o *crtbegin.o) .dtors)
                0x000000000010eff4                PROVIDE (__fini_array_end, .)

.ctors
 *crtbegin.o(.ctors)
 *crtbegin?.o(.ctors)
 *(EXCLUDE_FILE(*crtend?.o *crtend.o) .ctors)
 *(SORT(.ctors.*))
 *(.ctors)

.dtors
 *crtbegin.o(.dtors)
 *crtbegin?.o(.dtors)
 *(EXCLUDE_FILE(*crtend?.o *crtend.o) .dtors)
 *(SORT(.dtors.*))
 *(.dtors)

.jcr
 *(.jcr)

.data.rel.ro
 *(.data.rel.ro.local* .gnu.linkonce.d.rel.ro.local.*)
 *(.data.rel.ro* .gnu.linkonce.d.rel.ro.*)

.dynamic
 *(.dynamic)

.got
 *(.got)
 *(.igot)
                0x000000000010eff4                . = DATA_SEGMENT_RELRO_END (., 0xc)

.got.plt        0x000000000010eff4        0x0
 *(.got.plt)
 *(.igot.plt)
 .igot.plt      0x0000000000000000        0x0 obj/kstart.o

.data           0x000000000010f000      0xe94
 *(.data .data.* .gnu.linkonce.d.*)
 .data          0x000000000010f000        0x0 obj/kernel.o
 .data          0x000000000010f000       0x18 obj/gdt_idt.o
 .data          0x000000000010f018        0x0 obj/irq.o
 .data          0x000000000010f018        0x0 obj/string.o
 .data          0x000000000010f018        0x8 obj/sprintf.o
 .data          0x000000000010f020        0x0 obj/malloc.o
 .data          0x000000000010f020        0x4 obj/cons.o
                0x000000000010f020                vidmem
 .data          0x000000000010f024        0x0 obj/timer.o
 .data          0x000000000010f024        0x0 obj/queue.o
 .data          0x000000000010f024        0x0 obj/math.o
 .data          0x000000000010f024        0x0 obj/sem.o
 .data          0x000000000010f024        0x0 obj/mutex.o
 .data          0x000000000010f024        0x0 obj/monitor.o
 .data          0x000000000010f024        0x0 obj/pipe.o
 .data          0x000000000010f024        0x0 obj/msgqueue.o
 .data          0x000000000010f024        0x4 obj/rand.o
 *fill*         0x000000000010f028       0x18 00
 .data          0x000000000010f040       0x50 obj/filo.o
 *fill*         0x000000000010f090       0x10 00
 .data          0x000000000010f0a0       0x50 obj/sfilo.o
 *fill*         0x000000000010f0f0       0x10 00
 .data          0x000000000010f100       0x50 obj/xfilo.o
 *fill*         0x000000000010f150       0x10 00
 .data          0x000000000010f160      0xc20 obj/keyboard.o
                0x000000000010f160                keymap_us_std
                0x000000000010f760                keymap_spanish
 .data          0x000000000010fd80        0x0 obj/printk.o
 .data          0x000000000010fd80        0x0 obj/getline.o
 .data          0x000000000010fd80       0x58 obj/shell.o
 .data          0x000000000010fdd8        0xc obj/split.o
 .data          0x000000000010fde4        0x0 obj/setkb.o
 .data          0x000000000010fde4        0x4 obj/camino.o
 .data          0x000000000010fde8        0x4 obj/camino_ns.o
 .data          0x000000000010fdec        0x0 obj/atoi.o
 *fill*         0x000000000010fdec       0x14 00
 .data          0x000000000010fe00       0x40 obj/prodcons.o
 .data          0x000000000010fe40       0x50 obj/afilo.o
 .data          0x000000000010fe90        0x0 obj/divz.o
 .data          0x000000000010fe90        0x4 obj/mouse.o

.data1
 *(.data1)
                0x000000000010fe94                _edata = .
                0x000000000010fe94                PROVIDE (edata, .)
                0x000000000010fe94                __bss_start = .

.bss            0x000000000010fea0   0x808398
 *(.dynbss)
 *(.bss .bss.* .gnu.linkonce.b.*)
 .bss           0x000000000010fea0     0x4000 obj/kstart.o
 .bss           0x0000000000113ea0        0x6 obj/libasm.o
 *fill*         0x0000000000113ea6        0x2 00
 .bss           0x0000000000113ea8     0x4014 obj/interrupts.o
 *fill*         0x0000000000117ebc        0x4 00
 .bss           0x0000000000117ec0       0x80 obj/kernel.o
 .bss           0x0000000000117f40      0x180 obj/gdt_idt.o
 .bss           0x00000000001180c0       0xc0 obj/irq.o
 .bss           0x0000000000118180        0x0 obj/string.o
 .bss           0x0000000000118180        0x0 obj/sprintf.o
 .bss           0x0000000000118180   0x800010 obj/malloc.o
 .bss           0x0000000000918190       0x18 obj/cons.o
 .bss           0x00000000009181a8        0x0 obj/timer.o
 .bss           0x00000000009181a8        0xc obj/queue.o
 .bss           0x00000000009181b4        0x0 obj/math.o
 .bss           0x00000000009181b4        0x0 obj/sem.o
 .bss           0x00000000009181b4        0x0 obj/mutex.o
 .bss           0x00000000009181b4        0x0 obj/monitor.o
 .bss           0x00000000009181b4        0x0 obj/pipe.o
 .bss           0x00000000009181b4        0x0 obj/msgqueue.o
 .bss           0x00000000009181b4        0x0 obj/rand.o
 .bss           0x00000000009181b4        0x0 obj/filo.o
 .bss           0x00000000009181b4        0x0 obj/sfilo.o
 .bss           0x00000000009181b4        0x0 obj/xfilo.o
 .bss           0x00000000009181b4       0x48 obj/keyboard.o
 .bss           0x00000000009181fc        0x0 obj/printk.o
 .bss           0x00000000009181fc        0x0 obj/getline.o
 .bss           0x00000000009181fc        0x0 obj/shell.o
 .bss           0x00000000009181fc        0x0 obj/split.o
 .bss           0x00000000009181fc        0x0 obj/setkb.o
 .bss           0x00000000009181fc        0x4 obj/camino.o
 .bss           0x0000000000918200        0x4 obj/camino_ns.o
 .bss           0x0000000000918204        0x0 obj/atoi.o
 .bss           0x0000000000918204        0x0 obj/prodcons.o
 .bss           0x0000000000918204        0x0 obj/afilo.o
 .bss           0x0000000000918204        0x0 obj/divz.o
 .bss           0x0000000000918204       0x14 obj/mouse.o
 *(COMMON)
 COMMON         0x0000000000918218       0x18 obj/kernel.o
                0x0000000000918218                mt_last_task
                0x000000000091821c                mt_fpu_task
                0x0000000000918220                mt_curr_task
                0x0000000000918228                mt_ticks
 COMMON         0x0000000000918230        0x4 obj/irq.o
                0x0000000000918230                mt_int_level
 COMMON         0x0000000000918234        0x3 obj/mouse.o
                0x0000000000918234                mouse_byte
                0x0000000000918238                . = ALIGN ((. != 0x0)?0x4:0x1)
 *fill*         0x0000000000918237        0x1 00
                0x0000000000918238                . = ALIGN (0x4)
                0x0000000000918238                . = ALIGN (0x4)
                0x0000000000918238                _end = .
                0x0000000000918238                PROVIDE (end, .)
                0x0000000000918238                . = DATA_SEGMENT_END (.)

.stab
 *(.stab)

.stabstr
 *(.stabstr)

.stab.excl
 *(.stab.excl)

.stab.exclstr
 *(.stab.exclstr)

.stab.index
 *(.stab.index)

.stab.indexstr
 *(.stab.indexstr)

.comment        0x0000000000000000       0x2a
 *(.comment)
 .comment       0x0000000000000000       0x2a obj/kernel.o
                                         0x2b (size before relaxing)
 .comment       0x0000000000000000       0x2b obj/gdt_idt.o
 .comment       0x0000000000000000       0x2b obj/irq.o
 .comment       0x0000000000000000       0x2b obj/string.o
 .comment       0x0000000000000000       0x2b obj/sprintf.o
 .comment       0x0000000000000000       0x2b obj/malloc.o
 .comment       0x0000000000000000       0x2b obj/cons.o
 .comment       0x0000000000000000       0x2b obj/timer.o
 .comment       0x0000000000000000       0x2b obj/queue.o
 .comment       0x0000000000000000       0x2b obj/math.o
 .comment       0x0000000000000000       0x2b obj/sem.o
 .comment       0x0000000000000000       0x2b obj/mutex.o
 .comment       0x0000000000000000       0x2b obj/monitor.o
 .comment       0x0000000000000000       0x2b obj/pipe.o
 .comment       0x0000000000000000       0x2b obj/msgqueue.o
 .comment       0x0000000000000000       0x2b obj/rand.o
 .comment       0x0000000000000000       0x2b obj/filo.o
 .comment       0x0000000000000000       0x2b obj/sfilo.o
 .comment       0x0000000000000000       0x2b obj/xfilo.o
 .comment       0x0000000000000000       0x2b obj/keyboard.o
 .comment       0x0000000000000000       0x2b obj/printk.o
 .comment       0x0000000000000000       0x2b obj/getline.o
 .comment       0x0000000000000000       0x2b obj/shell.o
 .comment       0x0000000000000000       0x2b obj/split.o
 .comment       0x0000000000000000       0x2b obj/setkb.o
 .comment       0x0000000000000000       0x2b obj/camino.o
 .comment       0x0000000000000000       0x2b obj/camino_ns.o
 .comment       0x0000000000000000       0x2b obj/atoi.o
 .comment       0x0000000000000000       0x2b obj/prodcons.o
 .comment       0x0000000000000000       0x2b obj/afilo.o
 .comment       0x0000000000000000       0x2b obj/divz.o
 .comment       0x0000000000000000       0x2b obj/mouse.o

.debug
 *(.debug)

.line
 *(.line)

.debug_srcinfo
 *(.debug_srcinfo)

.debug_sfnames
 *(.debug_sfnames)

.debug_aranges  0x0000000000000000      0x400
 *(.debug_aranges)
 .debug_aranges
                0x0000000000000000       0x20 obj/kernel.o
 .debug_aranges
                0x0000000000000020       0x20 obj/gdt_idt.o
 .debug_aranges
                0x0000000000000040       0x20 obj/irq.o
 .debug_aranges
                0x0000000000000060       0x20 obj/string.o
 .debug_aranges
                0x0000000000000080       0x20 obj/sprintf.o
 .debug_aranges
                0x00000000000000a0       0x20 obj/malloc.o
 .debug_aranges
                0x00000000000000c0       0x20 obj/cons.o
 .debug_aranges
                0x00000000000000e0       0x20 obj/timer.o
 .debug_aranges
                0x0000000000000100       0x20 obj/queue.o
 .debug_aranges
                0x0000000000000120       0x20 obj/math.o
 .debug_aranges
                0x0000000000000140       0x20 obj/sem.o
 .debug_aranges
                0x0000000000000160       0x20 obj/mutex.o
 .debug_aranges
                0x0000000000000180       0x20 obj/monitor.o
 .debug_aranges
                0x00000000000001a0       0x20 obj/pipe.o
 .debug_aranges
                0x00000000000001c0       0x20 obj/msgqueue.o
 .debug_aranges
                0x00000000000001e0       0x20 obj/rand.o
 .debug_aranges
                0x0000000000000200       0x20 obj/filo.o
 .debug_aranges
                0x0000000000000220       0x20 obj/sfilo.o
 .debug_aranges
                0x0000000000000240       0x20 obj/xfilo.o
 .debug_aranges
                0x0000000000000260       0x20 obj/keyboard.o
 .debug_aranges
                0x0000000000000280       0x20 obj/printk.o
 .debug_aranges
                0x00000000000002a0       0x20 obj/getline.o
 .debug_aranges
                0x00000000000002c0       0x20 obj/shell.o
 .debug_aranges
                0x00000000000002e0       0x20 obj/split.o
 .debug_aranges
                0x0000000000000300       0x20 obj/setkb.o
 .debug_aranges
                0x0000000000000320       0x20 obj/camino.o
 .debug_aranges
                0x0000000000000340       0x20 obj/camino_ns.o
 .debug_aranges
                0x0000000000000360       0x20 obj/atoi.o
 .debug_aranges
                0x0000000000000380       0x20 obj/prodcons.o
 .debug_aranges
                0x00000000000003a0       0x20 obj/afilo.o
 .debug_aranges
                0x00000000000003c0       0x20 obj/divz.o
 .debug_aranges
                0x00000000000003e0       0x20 obj/mouse.o

.debug_pubnames
 *(.debug_pubnames)

.debug_info     0x0000000000000000     0xb4c1
 *(.debug_info .gnu.linkonce.wi.*)
 .debug_info    0x0000000000000000      0xf25 obj/kernel.o
 .debug_info    0x0000000000000f25      0x2e2 obj/gdt_idt.o
 .debug_info    0x0000000000001207      0x777 obj/irq.o
 .debug_info    0x000000000000197e      0x5d8 obj/string.o
 .debug_info    0x0000000000001f56      0x86f obj/sprintf.o
 .debug_info    0x00000000000027c5      0x1b1 obj/malloc.o
 .debug_info    0x0000000000002976      0xb06 obj/cons.o
 .debug_info    0x000000000000347c       0x6d obj/timer.o
 .debug_info    0x00000000000034e9      0x58f obj/queue.o
 .debug_info    0x0000000000003a78      0x4fe obj/math.o
 .debug_info    0x0000000000003f76      0x585 obj/sem.o
 .debug_info    0x00000000000044fb      0x51d obj/mutex.o
 .debug_info    0x0000000000004a18      0x6cf obj/monitor.o
 .debug_info    0x00000000000050e7      0x7b0 obj/pipe.o
 .debug_info    0x0000000000005897      0x6f5 obj/msgqueue.o
 .debug_info    0x0000000000005f8c       0xeb obj/rand.o
 .debug_info    0x0000000000006077      0x84f obj/filo.o
 .debug_info    0x00000000000068c6      0x807 obj/sfilo.o
 .debug_info    0x00000000000070cd      0x86a obj/xfilo.o
 .debug_info    0x0000000000007937      0x8ab obj/keyboard.o
 .debug_info    0x00000000000081e2      0x1a0 obj/printk.o
 .debug_info    0x0000000000008382       0xc4 obj/getline.o
 .debug_info    0x0000000000008446      0x21b obj/shell.o
 .debug_info    0x0000000000008661      0x25c obj/split.o
 .debug_info    0x00000000000088bd      0x11c obj/setkb.o
 .debug_info    0x00000000000089d9      0xa15 obj/camino.o
 .debug_info    0x00000000000093ee      0xa2f obj/camino_ns.o
 .debug_info    0x0000000000009e1d       0x91 obj/atoi.o
 .debug_info    0x0000000000009eae      0x789 obj/prodcons.o
 .debug_info    0x000000000000a637      0x7d2 obj/afilo.o
 .debug_info    0x000000000000ae09      0x21d obj/divz.o
 .debug_info    0x000000000000b026      0x49b obj/mouse.o

.debug_abbrev   0x0000000000000000     0x2884
 *(.debug_abbrev)
 .debug_abbrev  0x0000000000000000      0x27a obj/kernel.o
 .debug_abbrev  0x000000000000027a       0xd7 obj/gdt_idt.o
 .debug_abbrev  0x0000000000000351      0x199 obj/irq.o
 .debug_abbrev  0x00000000000004ea       0xdf obj/string.o
 .debug_abbrev  0x00000000000005c9      0x1a5 obj/sprintf.o
 .debug_abbrev  0x000000000000076e      0x11f obj/malloc.o
 .debug_abbrev  0x000000000000088d      0x258 obj/cons.o
 .debug_abbrev  0x0000000000000ae5       0x52 obj/timer.o
 .debug_abbrev  0x0000000000000b37      0x12c obj/queue.o
 .debug_abbrev  0x0000000000000c63      0x109 obj/math.o
 .debug_abbrev  0x0000000000000d6c      0x139 obj/sem.o
 .debug_abbrev  0x0000000000000ea5      0x12d obj/mutex.o
 .debug_abbrev  0x0000000000000fd2      0x13c obj/monitor.o
 .debug_abbrev  0x000000000000110e      0x13b obj/pipe.o
 .debug_abbrev  0x0000000000001249      0x152 obj/msgqueue.o
 .debug_abbrev  0x000000000000139b       0xb4 obj/rand.o
 .debug_abbrev  0x000000000000144f      0x189 obj/filo.o
 .debug_abbrev  0x00000000000015d8      0x189 obj/sfilo.o
 .debug_abbrev  0x0000000000001761      0x189 obj/xfilo.o
 .debug_abbrev  0x00000000000018ea      0x225 obj/keyboard.o
 .debug_abbrev  0x0000000000001b0f       0xd3 obj/printk.o
 .debug_abbrev  0x0000000000001be2       0x6c obj/getline.o
 .debug_abbrev  0x0000000000001c4e       0xfd obj/shell.o
 .debug_abbrev  0x0000000000001d4b       0xd0 obj/split.o
 .debug_abbrev  0x0000000000001e1b       0x9b obj/setkb.o
 .debug_abbrev  0x0000000000001eb6      0x1db obj/camino.o
 .debug_abbrev  0x0000000000002091      0x1ea obj/camino_ns.o
 .debug_abbrev  0x000000000000227b       0x71 obj/atoi.o
 .debug_abbrev  0x00000000000022ec      0x18b obj/prodcons.o
 .debug_abbrev  0x0000000000002477      0x189 obj/afilo.o
 .debug_abbrev  0x0000000000002600       0xfe obj/divz.o
 .debug_abbrev  0x00000000000026fe      0x186 obj/mouse.o

.debug_line     0x0000000000000000     0x25e5
 *(.debug_line)
 .debug_line    0x0000000000000000      0x2ee obj/kernel.o
 .debug_line    0x00000000000002ee       0x9c obj/gdt_idt.o
 .debug_line    0x000000000000038a      0x10d obj/irq.o
 .debug_line    0x0000000000000497       0xb2 obj/string.o
 .debug_line    0x0000000000000549      0x466 obj/sprintf.o
 .debug_line    0x00000000000009af       0x85 obj/malloc.o
 .debug_line    0x0000000000000a34      0x24d obj/cons.o
 .debug_line    0x0000000000000c81       0x43 obj/timer.o
 .debug_line    0x0000000000000cc4       0xeb obj/queue.o
 .debug_line    0x0000000000000daf       0x70 obj/math.o
 .debug_line    0x0000000000000e1f       0x8c obj/sem.o
 .debug_line    0x0000000000000eab       0x8d obj/mutex.o
 .debug_line    0x0000000000000f38       0xc2 obj/monitor.o
 .debug_line    0x0000000000000ffa       0xce obj/pipe.o
 .debug_line    0x00000000000010c8       0xd3 obj/msgqueue.o
 .debug_line    0x000000000000119b       0x4b obj/rand.o
 .debug_line    0x00000000000011e6      0x16d obj/filo.o
 .debug_line    0x0000000000001353      0x147 obj/sfilo.o
 .debug_line    0x000000000000149a      0x182 obj/xfilo.o
 .debug_line    0x000000000000161c      0x1ee obj/keyboard.o
 .debug_line    0x000000000000180a       0x95 obj/printk.o
 .debug_line    0x000000000000189f       0x66 obj/getline.o
 .debug_line    0x0000000000001905       0xb1 obj/shell.o
 .debug_line    0x00000000000019b6      0x11d obj/split.o
 .debug_line    0x0000000000001ad3       0x69 obj/setkb.o
 .debug_line    0x0000000000001b3c      0x256 obj/camino.o
 .debug_line    0x0000000000001d92      0x310 obj/camino_ns.o
 .debug_line    0x00000000000020a2       0x6d obj/atoi.o
 .debug_line    0x000000000000210f      0x183 obj/prodcons.o
 .debug_line    0x0000000000002292      0x176 obj/afilo.o
 .debug_line    0x0000000000002408       0x67 obj/divz.o
 .debug_line    0x000000000000246f      0x176 obj/mouse.o

.debug_frame
 *(.debug_frame)

.debug_str      0x0000000000000000     0x1588
 *(.debug_str)
 .debug_str     0x0000000000000000      0x4fa obj/kernel.o
                                        0x569 (size before relaxing)
 .debug_str     0x00000000000004fa      0x100 obj/gdt_idt.o
                                        0x153 (size before relaxing)
 .debug_str     0x00000000000005fa       0xee obj/irq.o
                                        0x3ed (size before relaxing)
 .debug_str     0x00000000000006e8       0x80 obj/string.o
                                         0xde (size before relaxing)
 .debug_str     0x0000000000000768      0x102 obj/sprintf.o
                                        0x1be (size before relaxing)
 .debug_str     0x000000000000086a       0x50 obj/malloc.o
                                         0xb9 (size before relaxing)
 .debug_str     0x00000000000008ba      0x198 obj/cons.o
                                        0x454 (size before relaxing)
 .debug_str     0x0000000000000a52       0x1b obj/timer.o
                                         0x7a (size before relaxing)
 .debug_str     0x0000000000000a6d       0x7c obj/queue.o
                                        0x2a3 (size before relaxing)
 .debug_str     0x0000000000000ae9       0x26 obj/math.o
                                        0x281 (size before relaxing)
 .debug_str     0x0000000000000b0f       0x63 obj/sem.o
                                        0x284 (size before relaxing)
 .debug_str     0x0000000000000b72       0x59 obj/mutex.o
                                        0x287 (size before relaxing)
 .debug_str     0x0000000000000bcb       0xee obj/monitor.o
                                        0x31c (size before relaxing)
 .debug_str     0x0000000000000cb9       0x86 obj/pipe.o
                                        0x2d2 (size before relaxing)
 .debug_str     0x0000000000000d3f       0xd2 obj/msgqueue.o
                                        0x2f3 (size before relaxing)
 .debug_str     0x0000000000000e11       0x1e obj/rand.o
                                         0x7b (size before relaxing)
 .debug_str     0x0000000000000e2f       0x96 obj/filo.o
                                        0x39c (size before relaxing)
 .debug_str     0x0000000000000ec5       0x1d obj/sfilo.o
                                        0x399 (size before relaxing)
 .debug_str     0x0000000000000ee2       0x1c obj/xfilo.o
                                        0x3aa (size before relaxing)
 .debug_str     0x0000000000000efe      0x16f obj/keyboard.o
                                        0x3c9 (size before relaxing)
 .debug_str     0x000000000000106d       0x1d obj/printk.o
                                         0xa5 (size before relaxing)
 .debug_str     0x000000000000108a       0x19 obj/getline.o
                                         0x71 (size before relaxing)
 .debug_str     0x00000000000010a3       0x33 obj/shell.o
                                        0x12f (size before relaxing)
 .debug_str     0x00000000000010d6       0x4a obj/split.o
                                         0xb9 (size before relaxing)
 .debug_str     0x0000000000001120       0x17 obj/setkb.o
                                         0xf4 (size before relaxing)
 .debug_str     0x0000000000001137      0x15f obj/camino.o
                                        0x47c (size before relaxing)
 .debug_str     0x0000000000001296       0xc7 obj/camino_ns.o
                                        0x4e6 (size before relaxing)
 .debug_str     0x000000000000135d        0xb obj/atoi.o
                                         0x63 (size before relaxing)
 .debug_str     0x0000000000001368       0x82 obj/prodcons.o
                                        0x3ad (size before relaxing)
 .debug_str     0x00000000000013ea       0x22 obj/afilo.o
                                        0x388 (size before relaxing)
 .debug_str     0x000000000000140c       0x29 obj/divz.o
                                        0x12d (size before relaxing)
 .debug_str     0x0000000000001435      0x153 obj/mouse.o
                                        0x27e (size before relaxing)

.debug_loc      0x0000000000000000     0x4150
 *(.debug_loc)
 .debug_loc     0x0000000000000000      0x97c obj/kernel.o
 .debug_loc     0x000000000000097c       0xa8 obj/gdt_idt.o
 .debug_loc     0x0000000000000a24      0x218 obj/irq.o
 .debug_loc     0x0000000000000c3c      0x310 obj/string.o
 .debug_loc     0x0000000000000f4c      0x310 obj/sprintf.o
 .debug_loc     0x000000000000125c       0xa8 obj/malloc.o
 .debug_loc     0x0000000000001304      0x5e8 obj/cons.o
 .debug_loc     0x00000000000018ec       0x38 obj/timer.o
 .debug_loc     0x0000000000001924      0x1c0 obj/queue.o
 .debug_loc     0x0000000000001ae4       0x70 obj/math.o
 .debug_loc     0x0000000000001b54      0x1c0 obj/sem.o
 .debug_loc     0x0000000000001d14      0x150 obj/mutex.o
 .debug_loc     0x0000000000001e64      0x2a0 obj/monitor.o
 .debug_loc     0x0000000000002104      0x1f8 obj/pipe.o
 .debug_loc     0x00000000000022fc      0x268 obj/msgqueue.o
 .debug_loc     0x0000000000002564       0xa8 obj/rand.o
 .debug_loc     0x000000000000260c      0x294 obj/filo.o
 .debug_loc     0x00000000000028a0      0x25c obj/sfilo.o
 .debug_loc     0x0000000000002afc      0x294 obj/xfilo.o
 .debug_loc     0x0000000000002d90      0x2cc obj/keyboard.o
 .debug_loc     0x000000000000305c       0xa8 obj/printk.o
 .debug_loc     0x0000000000003104       0x38 obj/getline.o
 .debug_loc     0x000000000000313c       0x2c obj/shell.o
 .debug_loc     0x0000000000003168      0x150 obj/split.o
 .debug_loc     0x00000000000032b8       0x38 obj/setkb.o
 .debug_loc     0x00000000000032f0      0x374 obj/camino.o
 .debug_loc     0x0000000000003664      0x304 obj/camino_ns.o
 .debug_loc     0x0000000000003968       0x38 obj/atoi.o
 .debug_loc     0x00000000000039a0      0x1d4 obj/prodcons.o
 .debug_loc     0x0000000000003b74      0x294 obj/afilo.o
 .debug_loc     0x0000000000003e08       0xa8 obj/divz.o
 .debug_loc     0x0000000000003eb0      0x2a0 obj/mouse.o

.debug_macinfo
 *(.debug_macinfo)

.debug_weaknames
 *(.debug_weaknames)

.debug_funcnames
 *(.debug_funcnames)

.debug_typenames
 *(.debug_typenames)

.debug_varnames
 *(.debug_varnames)

.debug_pubtypes
 *(.debug_pubtypes)

.debug_ranges   0x0000000000000000       0x30
 *(.debug_ranges)
 .debug_ranges  0x0000000000000000       0x30 obj/shell.o

.gnu.attributes
 *(.gnu.attributes)

/DISCARD/
 *(.note.GNU-stack)
 *(.gnu_debuglink)
 *(.gnu.lto_*)
OUTPUT(mtask elf32-i386)
